../Core/Src/main.c:46:26:mpu6500_write	32	static
../Core/Src/main.c:57:26:mpu6500_read	32	static
../Core/Src/main.c:68:26:mpu6500_detect	16	static
../Core/Src/main.c:95:26:mpu6500_init_variant9	16	static
../Core/Src/main.c:125:13:mpu6500_update_gyro	16	static
../Core/Src/main.c:141:13:mpu6500_log_gyro_swo	200	static
../Core/Src/main.c:160:19:ITM_SendChar_	32	static,ignoring_inline_asm
../Core/Src/main.c:178:20:swo_print	16	static
../Core/Src/main.c:186:5:main	56	static
../Core/Src/main.c:225:6:SystemClock_Config	88	static
../Core/Src/main.c:258:13:MX_I2C2_Init	8	static
../Core/Src/main.c:276:13:MX_GPIO_Init	16	static
../Core/Src/main.c:281:6:Error_Handler	4	static,ignoring_inline_asm
